// Vitest Snapshot v1

exports[`Button > should render button 1`] = `"<a class=\\"rounded-md bg-#F5C519 px-4 py-2 text-base font-semibold leading-7 text-primary-900 shadow-sm hover:bg-#BE9917 focus-visible:outline focus-visible:outline-2 focus-visible:outline-offset-2 focus-visible:outline-#BE9917\\">Test Button</a>"`;
