// Vitest Snapshot v1

exports[`Footer > should render footer 1`] = `"<div class=\\"mt-5 mx-auto text-center opacity-75 dark:opacity-50 text-sm py-10\\"> Joseph Anson - ABN Tech Assignment </div>"`;
