// Vitest Snapshot v1

exports[`Heading > Should display heading h1 styled as h1 1`] = `"<h1 class=\\"heading font-secondary font-semibold text-2xl md:text-3xl mb-5\\">Heading: h1, Styled: h1</h1>"`;

exports[`Heading > Should display heading h1 styled as h2 1`] = `"<h1 class=\\"heading font-secondary font-semibold text-xl md:text-2xl mb-4\\">Heading: h1, Styled: h2</h1>"`;

exports[`Heading > Should display heading h1 styled as h3 1`] = `"<h1 class=\\"heading font-secondary font-semibold text-xl md:text-xl mb-3\\">Heading: h1, Styled: h3</h1>"`;

exports[`Heading > Should display heading h1 styled as h4 1`] = `"<h1 class=\\"heading font-secondary font-semibold md:text-l mb-2\\">Heading: h1, Styled: h4</h1>"`;

exports[`Heading > Should display heading h1 styled as p 1`] = `"<h1 class=\\"heading font-secondary font-semibold text-xl md:text-xl mb-3\\">Heading: h1, Styled: p</h1>"`;

exports[`Heading > Should display heading h2 styled as h1 1`] = `"<h2 class=\\"heading font-secondary font-semibold text-2xl md:text-3xl mb-5\\">Heading: h2, Styled: h1</h2>"`;

exports[`Heading > Should display heading h2 styled as h2 1`] = `"<h2 class=\\"heading font-secondary font-semibold text-xl md:text-2xl mb-4\\">Heading: h2, Styled: h2</h2>"`;

exports[`Heading > Should display heading h2 styled as h3 1`] = `"<h2 class=\\"heading font-secondary font-semibold text-xl md:text-xl mb-3\\">Heading: h2, Styled: h3</h2>"`;

exports[`Heading > Should display heading h2 styled as h4 1`] = `"<h2 class=\\"heading font-secondary font-semibold md:text-l mb-2\\">Heading: h2, Styled: h4</h2>"`;

exports[`Heading > Should display heading h2 styled as p 1`] = `"<h2 class=\\"heading font-secondary font-semibold text-xl md:text-xl mb-3\\">Heading: h2, Styled: p</h2>"`;

exports[`Heading > Should display heading h3 styled as h1 1`] = `"<h3 class=\\"heading font-secondary font-semibold text-2xl md:text-3xl mb-5\\">Heading: h3, Styled: h1</h3>"`;

exports[`Heading > Should display heading h3 styled as h2 1`] = `"<h3 class=\\"heading font-secondary font-semibold text-xl md:text-2xl mb-4\\">Heading: h3, Styled: h2</h3>"`;

exports[`Heading > Should display heading h3 styled as h3 1`] = `"<h3 class=\\"heading font-secondary font-semibold text-xl md:text-xl mb-3\\">Heading: h3, Styled: h3</h3>"`;

exports[`Heading > Should display heading h3 styled as h4 1`] = `"<h3 class=\\"heading font-secondary font-semibold md:text-l mb-2\\">Heading: h3, Styled: h4</h3>"`;

exports[`Heading > Should display heading h3 styled as p 1`] = `"<h3 class=\\"heading font-secondary font-semibold text-xl md:text-xl mb-3\\">Heading: h3, Styled: p</h3>"`;

exports[`Heading > Should display heading h4 styled as h1 1`] = `"<h4 class=\\"heading font-secondary font-semibold text-2xl md:text-3xl mb-5\\">Heading: h4, Styled: h1</h4>"`;

exports[`Heading > Should display heading h4 styled as h2 1`] = `"<h4 class=\\"heading font-secondary font-semibold text-xl md:text-2xl mb-4\\">Heading: h4, Styled: h2</h4>"`;

exports[`Heading > Should display heading h4 styled as h3 1`] = `"<h4 class=\\"heading font-secondary font-semibold text-xl md:text-xl mb-3\\">Heading: h4, Styled: h3</h4>"`;

exports[`Heading > Should display heading h4 styled as h4 1`] = `"<h4 class=\\"heading font-secondary font-semibold md:text-l mb-2\\">Heading: h4, Styled: h4</h4>"`;

exports[`Heading > Should display heading h4 styled as p 1`] = `"<h4 class=\\"heading font-secondary font-semibold text-xl md:text-xl mb-3\\">Heading: h4, Styled: p</h4>"`;

exports[`Heading > Should display heading p styled as h1 1`] = `"<p class=\\"heading font-secondary font-semibold text-2xl md:text-3xl mb-5\\">Heading: p, Styled: h1</p>"`;

exports[`Heading > Should display heading p styled as h2 1`] = `"<p class=\\"heading font-secondary font-semibold text-xl md:text-2xl mb-4\\">Heading: p, Styled: h2</p>"`;

exports[`Heading > Should display heading p styled as h3 1`] = `"<p class=\\"heading font-secondary font-semibold text-xl md:text-xl mb-3\\">Heading: p, Styled: h3</p>"`;

exports[`Heading > Should display heading p styled as h4 1`] = `"<p class=\\"heading font-secondary font-semibold md:text-l mb-2\\">Heading: p, Styled: h4</p>"`;

exports[`Heading > Should display heading p styled as p 1`] = `"<p class=\\"heading font-secondary font-semibold text-xl md:text-xl mb-3\\">Heading: p, Styled: p</p>"`;

exports[`Heading > should render bold heading 1`] = `"<h3 class=\\"heading font-secondary font-semibold text-xl md:text-xl mb-3 font-bold\\">Heading</h3>"`;

exports[`Heading > should render default heading 1`] = `"<h3 class=\\"heading font-secondary font-semibold text-xl md:text-xl mb-3\\"></h3>"`;
