// Vitest Snapshot v1

exports[`Rating > should render rating 1`] = `"<div class=\\"flex items-center mb-1 last:mb-0 color-gray-300\\"><span class=\\"i-carbon-star-filled color-yellow mr-1\\"></span><span>4.7</span></div>"`;
