// Vitest Snapshot v1

exports[`Title > should render title page 1`] = `
"<main class=\\"title pb-10\\">
  <section class=\\"header relative pt-10 pb-24\\">
    <div style=\\"background: url(https://static.tvmaze.com/uploads/images/original_untouched/81/202627.jpg);\\" class=\\"overlay !bg-no-repeat !bg-cover\\"></div>
    <div class=\\"overlay object-cover bg-gradient-to-t from-primary-900 to-primary-900/40\\"></div>
    <div class=\\"container max-lg:max-w-full relative z-1\\">
      <div class=\\"information w-full\\">
        <h1 class=\\"heading font-secondary font-semibold text-2xl md:text-3xl mb-5\\">Under the Dome</h1>
        <div class=\\"flex items-center mb-1 last:mb-0 color-gray-300 mb-4 text-xl\\"><span class=\\"i-carbon-star-filled color-yellow mr-1\\"></span><span>6.5</span></div>
        <div class=\\"flex information__details color-gray-400\\"><span class=\\"runtime\\">1h</span><span class=\\"seperator mx-2\\">•</span><span class=\\"genres\\">Drama, Science-Fiction, Thriller</span><span class=\\"seperator mx-2\\">•</span><span class=\\"premiered\\">2013</span></div>
        <article class=\\"prose prose-xl mb-8\\">
          <p><b>Under the Dome</b> is the story of a small town that is suddenly and inexplicably sealed off from the rest of the world by an enormous transparent dome. The town's inhabitants must deal with surviving the post-apocalyptic conditions while searching for answers about the dome, where it came from and if and when it will go away.</p>
        </article><a class=\\"rounded-md bg-#F5C519 px-4 py-2 text-base font-semibold leading-7 text-primary-900 shadow-sm hover:bg-#BE9917 focus-visible:outline focus-visible:outline-2 focus-visible:outline-offset-2 focus-visible:outline-#BE9917\\" target=\\"_blank\\" rel=\\"noopener\\" href=\\"https://www.imdb.com/title/tt1553656\\"> View more on IMDB </a>
      </div>
    </div>
  </section>
  <section class=\\"cast mb-4\\">
    <div class=\\"container max-lg:max-w-full\\">
      <h3 class=\\"heading font-secondary font-semibold text-xl md:text-xl mb-3\\" h3=\\"\\">Cast</h3>
      <div class=\\"grid grid-cols-2 gap-6 sm:grid-cols-4 sm:gap-6 lg:grid-cols-6 lg:gap-6\\">
        <div class=\\"cast mb-4 flex flex-col items-center text-center\\"><img alt=\\"Picture of Mike Vogel\\" src=\\"https://static.tvmaze.com/uploads/images/medium_portrait/0/1815.jpg\\" class=\\"rounded-full aspect-square overflow-hidden w-full object-cover mb-2\\">
          <p>Mike Vogel</p>
          <p class=\\"color-gray-400\\">Dale \\"Barbie\\" Barbara</p>
        </div>
        <div class=\\"cast mb-4 flex flex-col items-center text-center\\"><img alt=\\"Picture of Rachelle Lefevre\\" src=\\"https://static.tvmaze.com/uploads/images/medium_portrait/82/207417.jpg\\" class=\\"rounded-full aspect-square overflow-hidden w-full object-cover mb-2\\">
          <p>Rachelle Lefevre</p>
          <p class=\\"color-gray-400\\">Julia Shumway</p>
        </div>
        <div class=\\"cast mb-4 flex flex-col items-center text-center\\"><img alt=\\"Picture of Alexander Koch\\" src=\\"https://static.tvmaze.com/uploads/images/medium_portrait/205/513325.jpg\\" class=\\"rounded-full aspect-square overflow-hidden w-full object-cover mb-2\\">
          <p>Alexander Koch</p>
          <p class=\\"color-gray-400\\">Junior Rennie</p>
        </div>
      </div>
    </div>
  </section>
  <section class=\\"posters mb-10\\">
    <div class=\\"container max-lg:max-w-full\\">
      <h3 class=\\"heading font-secondary font-semibold text-xl md:text-xl mb-3\\" h3=\\"\\">Posters</h3>
      <div class=\\"grid grid-cols-2 gap-6 sm:grid-cols-4 sm:gap-6 lg:grid-cols-6 lg:gap-6\\">
        <div class=\\"mr-2 mb-2 last:mr-0 w-full\\"><img alt=\\"Poster Artwork\\" src=\\"https://static.tvmaze.com/uploads/images/medium_portrait/0/1.jpg\\" class=\\"w-full\\"></div>
        <div class=\\"mr-2 mb-2 last:mr-0 w-full\\"><img alt=\\"Poster Artwork\\" src=\\"https://static.tvmaze.com/uploads/images/medium_portrait/81/202627.jpg\\" class=\\"w-full\\"></div>
      </div>
    </div>
  </section>
  <section class=\\"episodes mb-10\\">
    <div class=\\"container max-lg:max-w-full\\">
      <h3 class=\\"heading font-secondary font-semibold text-xl md:text-xl mb-3\\" h3=\\"\\">Episodes</h3>
      <div class=\\"episode md:flex mb-8\\">
        <div class=\\"episode__image aspect-square w-full md:max-w-xs mr-8 mb-4 md:mb-0\\"><img alt=\\"Poster Artwork\\" src=\\"https://static.tvmaze.com/uploads/images/original_untouched/1/4388.jpg\\" class=\\"w-full h-full object-cover\\"></div>
        <div class=\\"episode__info\\">
          <h4 class=\\"heading font-secondary font-semibold md:text-l mb-2\\">Pilot</h4>
          <div class=\\"flex items-center mb-1 last:mb-0 color-gray-300\\"><span class=\\"i-carbon-star-filled color-yellow mr-1\\"></span><span>7.1</span></div>
          <div class=\\"episode__info__details flex color-gray-300\\"><span>1h</span><span class=\\"seperator mx-2\\">•</span><span>Season 1 - Episode 1</span><span class=\\"seperator mx-2\\">•</span><span>2013</span></div>
          <p class=\\"prose prose-xl\\">
          <p>When the residents of Chester's Mill find themselves trapped under a massive transparent dome with no way out, they struggle to survive as resources rapidly dwindle and panic quickly escalates.</p>
          </p>
        </div>
      </div>
      <div class=\\"episode md:flex mb-8\\">
        <div class=\\"episode__image aspect-square w-full md:max-w-xs mr-8 mb-4 md:mb-0\\"><img alt=\\"Poster Artwork\\" src=\\"https://static.tvmaze.com/uploads/images/original_untouched/1/4389.jpg\\" class=\\"w-full h-full object-cover\\"></div>
        <div class=\\"episode__info\\">
          <h4 class=\\"heading font-secondary font-semibold md:text-l mb-2\\">The Fire</h4>
          <div class=\\"flex items-center mb-1 last:mb-0 color-gray-300\\"><span class=\\"i-carbon-star-filled color-yellow mr-1\\"></span><span>6.7</span></div>
          <div class=\\"episode__info__details flex color-gray-300\\"><span>1h</span><span class=\\"seperator mx-2\\">•</span><span>Season 1 - Episode 2</span><span class=\\"seperator mx-2\\">•</span><span>2013</span></div>
          <p class=\\"prose prose-xl\\">
          <p>While the residents of Chester's Mill face the uncertainty of life in the dome, panic is heightened when a house goes up in flames and their fire department is outside of the dome.</p>
          </p>
        </div>
      </div>
      <div class=\\"episode md:flex mb-8\\">
        <div class=\\"episode__image aspect-square w-full md:max-w-xs mr-8 mb-4 md:mb-0\\"><img alt=\\"Poster Artwork\\" src=\\"https://static.tvmaze.com/uploads/images/original_untouched/1/4390.jpg\\" class=\\"w-full h-full object-cover\\"></div>
        <div class=\\"episode__info\\">
          <h4 class=\\"heading font-secondary font-semibold md:text-l mb-2\\">Manhunt</h4>
          <div class=\\"flex items-center mb-1 last:mb-0 color-gray-300\\"><span class=\\"i-carbon-star-filled color-yellow mr-1\\"></span><span>6.6</span></div>
          <div class=\\"episode__info__details flex color-gray-300\\"><span>1h</span><span class=\\"seperator mx-2\\">•</span><span>Season 1 - Episode 3</span><span class=\\"seperator mx-2\\">•</span><span>2013</span></div>
          <p class=\\"prose prose-xl\\">
          <p>When a former deputy goes rogue, Big Jim recruits Barbie to join the manhunt to keep the town safe. Meanwhile, Junior is determined to escape the dome by going underground.</p>
          </p>
        </div>
      </div>
    </div>
  </section>
</main>"
`;
